{"timestamp":"2026-07-28T21:15:26.250Z","level":"ERROR","message":"request to http://localhost:8001/health failed, reason: ","meta":{"context":"Face Engine API request failed","retries":3,"circuitState":"closed","failureCount":0,"stack":"FetchError: request to http://localhost:8001/health failed, reason: \n    at ClientRequest.<anonymous> (file:///D:/smart-security-monitor2/node_modules/node-fetch/src/index.js:108:11)\n    at ClientRequest.emit (node:events:509:28)\n    at emitErrorEvent (node:_http_client:109:11)\n    at Socket.socketErrorListener (node:_http_client:593:5)\n    at Socket.emit (node:events:509:28)\n    at emitErrorNT (node:internal/streams/destroy:170:8)\n    at emitErrorCloseNT (node:internal/streams/destroy:129:3)\n    at process.processTicksAndRejections (node:internal/process/task_queues:90:21)"}}
{"timestamp":"2026-07-28T21:18:41.882Z","level":"ERROR","message":"Ошибка FFmpeg для камеры 1: spawn ffmpeg ENOENT","meta":{}}
{"timestamp":"2026-07-28T21:18:44.897Z","level":"ERROR","message":"Ошибка FFmpeg для камеры 1: spawn ffmpeg ENOENT","meta":{}}
{"timestamp":"2026-07-28T21:18:50.914Z","level":"ERROR","message":"Ошибка FFmpeg для камеры 1: spawn ffmpeg ENOENT","meta":{}}
{"timestamp":"2026-07-28T21:18:51.669Z","level":"ERROR","message":"Ошибка FFmpeg для камеры 1: spawn ffmpeg ENOENT","meta":{}}
{"timestamp":"2026-07-28T21:19:02.930Z","level":"ERROR","message":"Ошибка FFmpeg для камеры 1: spawn ffmpeg ENOENT","meta":{}}
{"timestamp":"2026-07-28T21:21:26.652Z","level":"ERROR","message":"Ошибка FFmpeg для камеры 2: spawn ffmpeg ENOENT","meta":{}}
{"timestamp":"2026-07-28T21:21:27.546Z","level":"ERROR","message":"Ошибка FFmpeg для камеры 2: spawn ffmpeg ENOENT","meta":{}}
{"timestamp":"2026-07-28T21:21:27.564Z","level":"ERROR","message":"Ошибка FFmpeg для камеры 2: spawn ffmpeg ENOENT","meta":{}}
{"timestamp":"2026-07-28T21:21:29.668Z","level":"ERROR","message":"Ошибка FFmpeg для камеры 2: spawn ffmpeg ENOENT","meta":{}}
{"timestamp":"2026-07-28T21:21:31.333Z","level":"ERROR","message":"Ошибка FFmpeg для камеры 2: spawn ffmpeg ENOENT","meta":{}}
{"timestamp":"2026-07-28T21:21:31.358Z","level":"ERROR","message":"Ошибка FFmpeg для камеры 2: spawn ffmpeg ENOENT","meta":{}}
{"timestamp":"2026-07-28T21:21:33.558Z","level":"ERROR","message":"Ошибка FFmpeg для камеры 2: spawn ffmpeg ENOENT","meta":{}}
{"timestamp":"2026-07-28T21:21:39.586Z","level":"ERROR","message":"Ошибка FFmpeg для камеры 2: spawn ffmpeg ENOENT","meta":{}}
{"timestamp":"2026-07-28T21:21:53.679Z","level":"ERROR","message":"Ошибка FFmpeg для камеры 2: spawn ffmpeg ENOENT","meta":{}}
{"timestamp":"2026-07-28T21:22:01.350Z","level":"ERROR","message":"Ошибка FFmpeg для камеры 2: spawn ffmpeg ENOENT","meta":{}}
{"timestamp":"2026-07-28T21:22:01.381Z","level":"ERROR","message":"Ошибка FFmpeg для камеры 2: spawn ffmpeg ENOENT","meta":{}}
{"timestamp":"2026-07-28T21:22:03.575Z","level":"ERROR","message":"Ошибка FFmpeg для камеры 2: spawn ffmpeg ENOENT","meta":{}}
{"timestamp":"2026-07-28T21:22:09.605Z","level":"ERROR","message":"Ошибка FFmpeg для камеры 2: spawn ffmpeg ENOENT","meta":{}}
{"timestamp":"2026-07-28T21:22:26.662Z","level":"ERROR","message":"Ошибка FFmpeg для камеры 3: spawn ffmpeg ENOENT","meta":{}}
{"timestamp":"2026-07-28T21:22:29.675Z","level":"ERROR","message":"Ошибка FFmpeg для камеры 3: spawn ffmpeg ENOENT","meta":{}}
{"timestamp":"2026-07-28T21:22:35.684Z","level":"ERROR","message":"Ошибка FFmpeg для камеры 3: spawn ffmpeg ENOENT","meta":{}}
{"timestamp":"2026-07-28T21:22:47.706Z","level":"ERROR","message":"Ошибка FFmpeg для камеры 3: spawn ffmpeg ENOENT","meta":{}}
{"timestamp":"2026-07-28T21:22:55.111Z","level":"ERROR","message":"Ошибка FFmpeg для камеры 3: spawn ffmpeg ENOENT","meta":{}}
{"timestamp":"2026-07-28T21:22:55.137Z","level":"ERROR","message":"Ошибка FFmpeg для камеры 3: spawn ffmpeg ENOENT","meta":{}}
{"timestamp":"2026-07-28T21:22:56.806Z","level":"ERROR","message":"Ошибка FFmpeg для камеры 4: spawn ffmpeg ENOENT","meta":{}}
{"timestamp":"2026-07-28T21:22:56.821Z","level":"ERROR","message":"Ошибка FFmpeg для камеры 4: spawn ffmpeg ENOENT","meta":{}}
{"timestamp":"2026-07-28T21:22:59.841Z","level":"ERROR","message":"Ошибка FFmpeg для камеры 4: spawn ffmpeg ENOENT","meta":{}}
{"timestamp":"2026-07-28T21:23:11.712Z","level":"ERROR","message":"Ошибка FFmpeg для камеры 3: spawn ffmpeg ENOENT","meta":{}}
{"timestamp":"2026-07-28T21:23:25.127Z","level":"ERROR","message":"Ошибка FFmpeg для камеры 3: spawn ffmpeg ENOENT","meta":{}}
{"timestamp":"2026-07-28T21:23:25.143Z","level":"ERROR","message":"Ошибка FFmpeg для камеры 3: spawn ffmpeg ENOENT","meta":{}}
{"timestamp":"2026-07-28T21:23:27.341Z","level":"ERROR","message":"Ошибка FFmpeg для камеры 3: spawn ffmpeg ENOENT","meta":{}}
{"timestamp":"2026-07-28T21:23:27.358Z","level":"ERROR","message":"Ошибка FFmpeg для камеры 3: spawn ffmpeg ENOENT","meta":{}}
{"timestamp":"2026-07-28T21:23:27.385Z","level":"ERROR","message":"Ошибка FFmpeg для камеры 4: spawn ffmpeg ENOENT","meta":{}}
{"timestamp":"2026-07-28T21:23:30.394Z","level":"ERROR","message":"Ошибка FFmpeg для камеры 4: spawn ffmpeg ENOENT","meta":{}}
{"timestamp":"2026-07-28T21:23:36.416Z","level":"ERROR","message":"Ошибка FFmpeg для камеры 4: spawn ffmpeg ENOENT","meta":{}}
{"timestamp":"2026-07-28T21:23:37.734Z","level":"ERROR","message":"Ошибка FFmpeg для камеры 3: spawn ffmpeg ENOENT","meta":{}}
{"timestamp":"2026-07-28T21:23:37.759Z","level":"ERROR","message":"Ошибка FFmpeg для камеры 3: spawn ffmpeg ENOENT","meta":{}}
{"timestamp":"2026-07-28T21:23:37.789Z","level":"ERROR","message":"Ошибка FFmpeg для камеры 4: spawn ffmpeg ENOENT","meta":{}}
{"timestamp":"2026-07-28T21:23:41.730Z","level":"ERROR","message":"Ошибка FFmpeg для камеры 3: spawn ffmpeg ENOENT","meta":{}}
{"timestamp":"2026-07-28T21:23:48.424Z","level":"ERROR","message":"Ошибка FFmpeg для камеры 4: spawn ffmpeg ENOENT","meta":{}}
{"timestamp":"2026-07-28T21:23:55.151Z","level":"ERROR","message":"Ошибка FFmpeg для камеры 3: spawn ffmpeg ENOENT","meta":{}}
{"timestamp":"2026-07-28T21:23:55.160Z","level":"ERROR","message":"Ошибка FFmpeg для камеры 3: spawn ffmpeg ENOENT","meta":{}}
{"timestamp":"2026-07-28T21:23:57.360Z","level":"ERROR","message":"Ошибка FFmpeg для камеры 3: spawn ffmpeg ENOENT","meta":{}}
{"timestamp":"2026-07-28T21:23:57.366Z","level":"ERROR","message":"Ошибка FFmpeg для камеры 3: spawn ffmpeg ENOENT","meta":{}}
{"timestamp":"2026-07-28T21:24:01.799Z","level":"ERROR","message":"Ошибка FFmpeg для камеры 4: spawn ffmpeg ENOENT","meta":{}}
{"timestamp":"2026-07-28T21:24:07.754Z","level":"ERROR","message":"Ошибка FFmpeg для камеры 3: spawn ffmpeg ENOENT","meta":{}}
{"timestamp":"2026-07-28T21:24:07.771Z","level":"ERROR","message":"Ошибка FFmpeg для камеры 3: spawn ffmpeg ENOENT","meta":{}}
{"timestamp":"2026-07-28T21:24:11.746Z","level":"ERROR","message":"Ошибка FFmpeg для камеры 3: spawn ffmpeg ENOENT","meta":{}}
{"timestamp":"2026-07-28T21:24:16.643Z","level":"ERROR","message":"Ошибка FFmpeg для камеры 5: spawn ffmpeg ENOENT","meta":{}}
{"timestamp":"2026-07-28T21:24:16.656Z","level":"ERROR","message":"Ошибка FFmpeg для камеры 5: spawn ffmpeg ENOENT","meta":{}}
{"timestamp":"2026-07-28T21:24:18.447Z","level":"ERROR","message":"Ошибка FFmpeg для камеры 4: spawn ffmpeg ENOENT","meta":{}}
{"timestamp":"2026-07-28T21:24:18.862Z","level":"ERROR","message":"Ошибка FFmpeg для камеры 3: spawn ffmpeg ENOENT","meta":{}}
{"timestamp":"2026-07-28T21:24:18.883Z","level":"ERROR","message":"Ошибка FFmpeg для камеры 3: spawn ffmpeg ENOENT","meta":{}}
{"timestamp":"2026-07-28T21:24:19.674Z","level":"ERROR","message":"Ошибка FFmpeg для камеры 5: spawn ffmpeg ENOENT","meta":{}}
{"timestamp":"2026-07-28T21:24:20.234Z","level":"ERROR","message":"Ошибка FFmpeg для камеры 3: spawn ffmpeg ENOENT","meta":{}}
{"timestamp":"2026-07-28T21:24:20.267Z","level":"ERROR","message":"Ошибка FFmpeg для камеры 3: spawn ffmpeg ENOENT","meta":{}}
{"timestamp":"2026-07-28T21:24:20.287Z","level":"ERROR","message":"Ошибка FFmpeg для камеры 4: spawn ffmpeg ENOENT","meta":{}}
{"timestamp":"2026-07-28T21:24:20.314Z","level":"ERROR","message":"Ошибка FFmpeg для камеры 5: spawn ffmpeg ENOENT","meta":{}}
{"timestamp":"2026-07-28T21:24:25.164Z","level":"ERROR","message":"Ошибка FFmpeg для камеры 3: spawn ffmpeg ENOENT","meta":{}}
{"timestamp":"2026-07-28T21:24:25.169Z","level":"ERROR","message":"Ошибка FFmpeg для камеры 3: spawn ffmpeg ENOENT","meta":{}}
{"timestamp":"2026-07-28T21:24:25.685Z","level":"ERROR","message":"Ошибка FFmpeg для камеры 5: spawn ffmpeg ENOENT","meta":{}}
{"timestamp":"2026-07-28T21:24:27.376Z","level":"ERROR","message":"Ошибка FFmpeg для камеры 3: spawn ffmpeg ENOENT","meta":{}}
{"timestamp":"2026-07-28T21:24:31.812Z","level":"ERROR","message":"Ошибка FFmpeg для камеры 4: spawn ffmpeg ENOENT","meta":{}}
{"timestamp":"2026-07-28T21:24:32.321Z","level":"ERROR","message":"Ошибка FFmpeg для камеры 5: spawn ffmpeg ENOENT","meta":{}}
{"timestamp":"2026-07-28T21:24:37.769Z","level":"ERROR","message":"Ошибка FFmpeg для камеры 3: spawn ffmpeg ENOENT","meta":{}}
{"timestamp":"2026-07-28T21:24:37.785Z","level":"ERROR","message":"Ошибка FFmpeg для камеры 3: spawn ffmpeg ENOENT","meta":{}}
{"timestamp":"2026-07-28T21:24:41.761Z","level":"ERROR","message":"Ошибка FFmpeg для камеры 3: spawn ffmpeg ENOENT","meta":{}}
{"timestamp":"2026-07-28T21:24:48.465Z","level":"ERROR","message":"Ошибка FFmpeg для камеры 4: spawn ffmpeg ENOENT","meta":{}}
{"timestamp":"2026-07-28T21:24:48.869Z","level":"ERROR","message":"Ошибка FFmpeg для камеры 3: spawn ffmpeg ENOENT","meta":{}}
{"timestamp":"2026-07-28T21:24:48.900Z","level":"ERROR","message":"Ошибка FFmpeg для камеры 3: spawn ffmpeg ENOENT","meta":{}}
{"timestamp":"2026-07-28T21:24:49.695Z","level":"ERROR","message":"Ошибка FFmpeg для камеры 5: spawn ffmpeg ENOENT","meta":{}}
{"timestamp":"2026-07-28T21:24:50.251Z","level":"ERROR","message":"Ошибка FFmpeg для камеры 3: spawn ffmpeg ENOENT","meta":{}}
{"timestamp":"2026-07-28T21:24:50.284Z","level":"ERROR","message":"Ошибка FFmpeg для камеры 3: spawn ffmpeg ENOENT","meta":{}}
{"timestamp":"2026-07-28T21:24:50.299Z","level":"ERROR","message":"Ошибка FFmpeg для камеры 4: spawn ffmpeg ENOENT","meta":{}}
{"timestamp":"2026-07-28T21:24:55.179Z","level":"ERROR","message":"Ошибка FFmpeg для камеры 3: spawn ffmpeg ENOENT","meta":{}}
{"timestamp":"2026-07-28T21:24:57.388Z","level":"ERROR","message":"Ошибка FFmpeg для камеры 3: spawn ffmpeg ENOENT","meta":{}}
{"timestamp":"2026-07-28T21:25:01.821Z","level":"ERROR","message":"Ошибка FFmpeg для камеры 4: spawn ffmpeg ENOENT","meta":{}}
{"timestamp":"2026-07-28T21:25:02.333Z","level":"ERROR","message":"Ошибка FFmpeg для камеры 5: spawn ffmpeg ENOENT","meta":{}}
{"timestamp":"2026-07-28T21:25:07.776Z","level":"ERROR","message":"Ошибка FFmpeg для камеры 3: spawn ffmpeg ENOENT","meta":{}}
{"timestamp":"2026-07-28T21:25:07.807Z","level":"ERROR","message":"Ошибка FFmpeg для камеры 3: spawn ffmpeg ENOENT","meta":{}}
{"timestamp":"2026-07-28T21:25:11.777Z","level":"ERROR","message":"Ошибка FFmpeg для камеры 3: spawn ffmpeg ENOENT","meta":{}}
{"timestamp":"2026-07-28T21:25:18.476Z","level":"ERROR","message":"Ошибка FFmpeg для камеры 4: spawn ffmpeg ENOENT","meta":{}}
{"timestamp":"2026-07-28T21:25:18.882Z","level":"ERROR","message":"Ошибка FFmpeg для камеры 3: spawn ffmpeg ENOENT","meta":{}}
{"timestamp":"2026-07-28T21:25:18.913Z","level":"ERROR","message":"Ошибка FFmpeg для камеры 3: spawn ffmpeg ENOENT","meta":{}}
{"timestamp":"2026-07-28T21:25:19.707Z","level":"ERROR","message":"Ошибка FFmpeg для камеры 5: spawn ffmpeg ENOENT","meta":{}}
{"timestamp":"2026-07-28T21:25:20.265Z","level":"ERROR","message":"Ошибка FFmpeg для камеры 3: spawn ffmpeg ENOENT","meta":{}}
{"timestamp":"2026-07-28T21:25:20.297Z","level":"ERROR","message":"Ошибка FFmpeg для камеры 3: spawn ffmpeg ENOENT","meta":{}}
{"timestamp":"2026-07-28T21:25:20.315Z","level":"ERROR","message":"Ошибка FFmpeg для камеры 4: spawn ffmpeg ENOENT","meta":{}}
{"timestamp":"2026-07-28T21:25:25.192Z","level":"ERROR","message":"Ошибка FFmpeg для камеры 3: spawn ffmpeg ENOENT","meta":{}}
{"timestamp":"2026-07-28T21:25:27.415Z","level":"ERROR","message":"Ошибка FFmpeg для камеры 3: spawn ffmpeg ENOENT","meta":{}}
{"timestamp":"2026-07-28T21:25:31.842Z","level":"ERROR","message":"Ошибка FFmpeg для камеры 4: spawn ffmpeg ENOENT","meta":{}}
{"timestamp":"2026-07-28T21:25:32.352Z","level":"ERROR","message":"Ошибка FFmpeg для камеры 5: spawn ffmpeg ENOENT","meta":{}}
{"timestamp":"2026-07-28T21:25:37.860Z","level":"ERROR","message":"Ошибка FFmpeg для камеры 3: spawn ffmpeg ENOENT","meta":{}}
{"timestamp":"2026-07-28T21:25:38.297Z","level":"ERROR","message":"Ошибка FFmpeg для камеры 3: spawn ffmpeg ENOENT","meta":{}}
{"timestamp":"2026-07-28T21:25:40.880Z","level":"ERROR","message":"Ошибка FFmpeg для камеры 3: spawn ffmpeg ENOENT","meta":{}}
{"timestamp":"2026-07-28T21:25:41.795Z","level":"ERROR","message":"Ошибка FFmpeg для камеры 3: spawn ffmpeg ENOENT","meta":{}}
{"timestamp":"2026-07-28T21:25:44.305Z","level":"ERROR","message":"Ошибка FFmpeg для камеры 3: spawn ffmpeg ENOENT","meta":{}}
{"timestamp":"2026-07-28T21:25:48.897Z","level":"ERROR","message":"Ошибка FFmpeg для камеры 3: spawn ffmpeg ENOENT","meta":{}}
{"timestamp":"2026-07-28T21:25:48.930Z","level":"ERROR","message":"Ошибка FFmpeg для камеры 3: spawn ffmpeg ENOENT","meta":{}}
{"timestamp":"2026-07-28T21:26:21.361Z","level":"ERROR","message":"request to http://localhost:8001/health failed, reason: ","meta":{"context":"Face Engine API request failed","retries":3,"circuitState":"closed","failureCount":0,"stack":"FetchError: request to http://localhost:8001/health failed, reason: \n    at ClientRequest.<anonymous> (file:///D:/smart-security-monitor2/node_modules/node-fetch/src/index.js:108:11)\n    at ClientRequest.emit (node:events:509:28)\n    at emitErrorEvent (node:_http_client:109:11)\n    at Socket.socketErrorListener (node:_http_client:593:5)\n    at Socket.emit (node:events:509:28)\n    at emitErrorNT (node:internal/streams/destroy:170:8)\n    at emitErrorCloseNT (node:internal/streams/destroy:129:3)\n    at process.processTicksAndRejections (node:internal/process/task_queues:90:21)"}}
{"timestamp":"2026-07-28T21:26:21.860Z","level":"ERROR","message":"Ошибка FFmpeg для камеры 3: spawn ffmpeg ENOENT","meta":{}}
{"timestamp":"2026-07-28T21:26:24.873Z","level":"ERROR","message":"Ошибка FFmpeg для камеры 3: spawn ffmpeg ENOENT","meta":{}}
{"timestamp":"2026-07-28T21:26:28.298Z","level":"ERROR","message":"Ошибка FFmpeg для камеры 3: spawn ffmpeg ENOENT","meta":{}}
{"timestamp":"2026-07-28T21:26:30.898Z","level":"ERROR","message":"Ошибка FFmpeg для камеры 3: spawn ffmpeg ENOENT","meta":{}}
{"timestamp":"2026-07-28T21:26:40.315Z","level":"ERROR","message":"Ошибка FFmpeg для камеры 3: spawn ffmpeg ENOENT","meta":{}}
{"timestamp":"2026-07-28T21:26:49.569Z","level":"ERROR","message":"Ошибка FFmpeg для камеры 3: spawn ffmpeg ENOENT","meta":{}}
{"timestamp":"2026-07-28T21:26:49.594Z","level":"ERROR","message":"Ошибка FFmpeg для камеры 3: spawn ffmpeg ENOENT","meta":{}}
{"timestamp":"2026-07-28T21:26:49.624Z","level":"ERROR","message":"Ошибка FFmpeg для камеры 4: spawn ffmpeg ENOENT","meta":{}}
{"timestamp":"2026-07-28T21:26:49.656Z","level":"ERROR","message":"Ошибка FFmpeg для камеры 5: spawn ffmpeg ENOENT","meta":{}}
{"timestamp":"2026-07-28T21:26:52.647Z","level":"ERROR","message":"Ошибка FFmpeg для камеры 4: spawn ffmpeg ENOENT","meta":{}}
{"timestamp":"2026-07-28T21:26:52.675Z","level":"ERROR","message":"Ошибка FFmpeg для камеры 5: spawn ffmpeg ENOENT","meta":{}}
{"timestamp":"2026-07-28T21:26:54.908Z","level":"ERROR","message":"Ошибка FFmpeg для камеры 3: spawn ffmpeg ENOENT","meta":{}}
{"timestamp":"2026-07-28T21:26:58.662Z","level":"ERROR","message":"Ошибка FFmpeg для камеры 4: spawn ffmpeg ENOENT","meta":{}}
{"timestamp":"2026-07-28T21:26:58.694Z","level":"ERROR","message":"Ошибка FFmpeg для камеры 5: spawn ffmpeg ENOENT","meta":{}}
{"timestamp":"2026-07-28T21:27:10.322Z","level":"ERROR","message":"Ошибка FFmpeg для камеры 3: spawn ffmpeg ENOENT","meta":{}}
{"timestamp":"2026-07-28T21:27:10.681Z","level":"ERROR","message":"Ошибка FFmpeg для камеры 4: spawn ffmpeg ENOENT","meta":{}}
{"timestamp":"2026-07-28T21:27:10.708Z","level":"ERROR","message":"Ошибка FFmpeg для камеры 5: spawn ffmpeg ENOENT","meta":{}}
{"timestamp":"2026-07-28T21:27:19.590Z","level":"ERROR","message":"Ошибка FFmpeg для камеры 3: spawn ffmpeg ENOENT","meta":{}}
{"timestamp":"2026-07-28T21:27:19.605Z","level":"ERROR","message":"Ошибка FFmpeg для камеры 3: spawn ffmpeg ENOENT","meta":{}}
{"timestamp":"2026-07-28T21:27:24.919Z","level":"ERROR","message":"Ошибка FFmpeg для камеры 3: spawn ffmpeg ENOENT","meta":{}}
{"timestamp":"2026-07-28T21:27:34.702Z","level":"ERROR","message":"Ошибка FFmpeg для камеры 4: spawn ffmpeg ENOENT","meta":{}}
{"timestamp":"2026-07-28T21:27:34.718Z","level":"ERROR","message":"Ошибка FFmpeg для камеры 5: spawn ffmpeg ENOENT","meta":{}}
{"timestamp":"2026-07-28T21:27:40.329Z","level":"ERROR","message":"Ошибка FFmpeg для камеры 3: spawn ffmpeg ENOENT","meta":{}}
{"timestamp":"2026-07-28T21:27:49.602Z","level":"ERROR","message":"Ошибка FFmpeg для камеры 3: spawn ffmpeg ENOENT","meta":{}}
{"timestamp":"2026-07-28T21:27:49.618Z","level":"ERROR","message":"Ошибка FFmpeg для камеры 3: spawn ffmpeg ENOENT","meta":{}}
{"timestamp":"2026-07-28T21:27:54.928Z","level":"ERROR","message":"Ошибка FFmpeg для камеры 3: spawn ffmpeg ENOENT","meta":{}}
{"timestamp":"2026-07-28T21:28:04.710Z","level":"ERROR","message":"Ошибка FFmpeg для камеры 4: spawn ffmpeg ENOENT","meta":{}}
{"timestamp":"2026-07-28T21:28:04.727Z","level":"ERROR","message":"Ошибка FFmpeg для камеры 5: spawn ffmpeg ENOENT","meta":{}}
{"timestamp":"2026-07-28T21:34:41.125Z","level":"ERROR","message":"request to http://localhost:8001/health failed, reason: ","meta":{"context":"Face Engine API request failed","retries":3,"circuitState":"closed","failureCount":0,"stack":"FetchError: request to http://localhost:8001/health failed, reason: \n    at ClientRequest.<anonymous> (file:///D:/smart-security-monitor2/node_modules/node-fetch/src/index.js:108:11)\n    at ClientRequest.emit (node:events:509:28)\n    at emitErrorEvent (node:_http_client:109:11)\n    at Socket.socketErrorListener (node:_http_client:593:5)\n    at Socket.emit (node:events:509:28)\n    at emitErrorNT (node:internal/streams/destroy:170:8)\n    at emitErrorCloseNT (node:internal/streams/destroy:129:3)\n    at process.processTicksAndRejections (node:internal/process/task_queues:90:21)"}}
{"timestamp":"2026-07-28T21:38:23.838Z","level":"ERROR","message":"request to http://localhost:8001/health failed, reason: ","meta":{"context":"Face Engine API request failed","retries":3,"circuitState":"closed","failureCount":0,"stack":"FetchError: request to http://localhost:8001/health failed, reason: \n    at ClientRequest.<anonymous> (file:///D:/smart-security-monitor2/node_modules/node-fetch/src/index.js:108:11)\n    at ClientRequest.emit (node:events:509:28)\n    at emitErrorEvent (node:_http_client:109:11)\n    at Socket.socketErrorListener (node:_http_client:593:5)\n    at Socket.emit (node:events:509:28)\n    at emitErrorNT (node:internal/streams/destroy:170:8)\n    at emitErrorCloseNT (node:internal/streams/destroy:129:3)\n    at process.processTicksAndRejections (node:internal/process/task_queues:90:21)"}}
{"timestamp":"2026-07-28T21:38:43.838Z","level":"ERROR","message":"request to http://localhost:8001/health failed, reason: ","meta":{"context":"Face Engine API request failed","retries":3,"circuitState":"closed","failureCount":0,"stack":"FetchError: request to http://localhost:8001/health failed, reason: \n    at ClientRequest.<anonymous> (file:///D:/smart-security-monitor2/node_modules/node-fetch/src/index.js:108:11)\n    at ClientRequest.emit (node:events:509:28)\n    at emitErrorEvent (node:_http_client:109:11)\n    at Socket.socketErrorListener (node:_http_client:593:5)\n    at Socket.emit (node:events:509:28)\n    at emitErrorNT (node:internal/streams/destroy:170:8)\n    at emitErrorCloseNT (node:internal/streams/destroy:129:3)\n    at process.processTicksAndRejections (node:internal/process/task_queues:90:21)"}}
{"timestamp":"2026-07-28T21:39:03.867Z","level":"ERROR","message":"request to http://localhost:8001/health failed, reason: ","meta":{"context":"Face Engine API request failed","retries":3,"circuitState":"closed","failureCount":0,"stack":"FetchError: request to http://localhost:8001/health failed, reason: \n    at ClientRequest.<anonymous> (file:///D:/smart-security-monitor2/node_modules/node-fetch/src/index.js:108:11)\n    at ClientRequest.emit (node:events:509:28)\n    at emitErrorEvent (node:_http_client:109:11)\n    at Socket.socketErrorListener (node:_http_client:593:5)\n    at Socket.emit (node:events:509:28)\n    at emitErrorNT (node:internal/streams/destroy:170:8)\n    at emitErrorCloseNT (node:internal/streams/destroy:129:3)\n    at process.processTicksAndRejections (node:internal/process/task_queues:90:21)"}}
{"timestamp":"2026-07-28T21:39:53.548Z","level":"ERROR","message":"request to http://localhost:8001/health failed, reason: ","meta":{"context":"Face Engine API request failed","retries":3,"circuitState":"closed","failureCount":0,"stack":"FetchError: request to http://localhost:8001/health failed, reason: \n    at ClientRequest.<anonymous> (file:///D:/smart-security-monitor2/node_modules/node-fetch/src/index.js:108:11)\n    at ClientRequest.emit (node:events:509:28)\n    at emitErrorEvent (node:_http_client:109:11)\n    at Socket.socketErrorListener (node:_http_client:593:5)\n    at Socket.emit (node:events:509:28)\n    at emitErrorNT (node:internal/streams/destroy:170:8)\n    at emitErrorCloseNT (node:internal/streams/destroy:129:3)\n    at process.processTicksAndRejections (node:internal/process/task_queues:90:21)"}}
{"timestamp":"2026-07-28T21:40:13.543Z","level":"ERROR","message":"request to http://localhost:8001/health failed, reason: ","meta":{"context":"Face Engine API request failed","retries":3,"circuitState":"closed","failureCount":0,"stack":"FetchError: request to http://localhost:8001/health failed, reason: \n    at ClientRequest.<anonymous> (file:///D:/smart-security-monitor2/node_modules/node-fetch/src/index.js:108:11)\n    at ClientRequest.emit (node:events:509:28)\n    at emitErrorEvent (node:_http_client:109:11)\n    at Socket.socketErrorListener (node:_http_client:593:5)\n    at Socket.emit (node:events:509:28)\n    at emitErrorNT (node:internal/streams/destroy:170:8)\n    at emitErrorCloseNT (node:internal/streams/destroy:129:3)\n    at process.processTicksAndRejections (node:internal/process/task_queues:90:21)"}}
{"timestamp":"2026-07-28T21:40:32.129Z","level":"ERROR","message":"request to http://localhost:8001/health failed, reason: ","meta":{"context":"Face Engine API request failed","retries":3,"circuitState":"closed","failureCount":0,"stack":"FetchError: request to http://localhost:8001/health failed, reason: \n    at ClientRequest.<anonymous> (file:///D:/smart-security-monitor2/node_modules/node-fetch/src/index.js:108:11)\n    at ClientRequest.emit (node:events:509:28)\n    at emitErrorEvent (node:_http_client:109:11)\n    at Socket.socketErrorListener (node:_http_client:593:5)\n    at Socket.emit (node:events:509:28)\n    at emitErrorNT (node:internal/streams/destroy:170:8)\n    at emitErrorCloseNT (node:internal/streams/destroy:129:3)\n    at process.processTicksAndRejections (node:internal/process/task_queues:90:21)"}}
{"timestamp":"2026-07-28T21:40:52.103Z","level":"ERROR","message":"request to http://localhost:8001/health failed, reason: ","meta":{"context":"Face Engine API request failed","retries":3,"circuitState":"closed","failureCount":0,"stack":"FetchError: request to http://localhost:8001/health failed, reason: \n    at ClientRequest.<anonymous> (file:///D:/smart-security-monitor2/node_modules/node-fetch/src/index.js:108:11)\n    at ClientRequest.emit (node:events:509:28)\n    at emitErrorEvent (node:_http_client:109:11)\n    at Socket.socketErrorListener (node:_http_client:593:5)\n    at Socket.emit (node:events:509:28)\n    at emitErrorNT (node:internal/streams/destroy:170:8)\n    at emitErrorCloseNT (node:internal/streams/destroy:129:3)\n    at process.processTicksAndRejections (node:internal/process/task_queues:90:21)"}}
{"timestamp":"2026-07-28T21:41:12.131Z","level":"ERROR","message":"request to http://localhost:8001/health failed, reason: ","meta":{"context":"Face Engine API request failed","retries":3,"circuitState":"closed","failureCount":0,"stack":"FetchError: request to http://localhost:8001/health failed, reason: \n    at ClientRequest.<anonymous> (file:///D:/smart-security-monitor2/node_modules/node-fetch/src/index.js:108:11)\n    at ClientRequest.emit (node:events:509:28)\n    at emitErrorEvent (node:_http_client:109:11)\n    at Socket.socketErrorListener (node:_http_client:593:5)\n    at Socket.emit (node:events:509:28)\n    at emitErrorNT (node:internal/streams/destroy:170:8)\n    at emitErrorCloseNT (node:internal/streams/destroy:129:3)\n    at process.processTicksAndRejections (node:internal/process/task_queues:90:21)"}}
{"timestamp":"2026-07-28T21:41:32.131Z","level":"ERROR","message":"request to http://localhost:8001/health failed, reason: ","meta":{"context":"Face Engine API request failed","retries":3,"circuitState":"closed","failureCount":0,"stack":"FetchError: request to http://localhost:8001/health failed, reason: \n    at ClientRequest.<anonymous> (file:///D:/smart-security-monitor2/node_modules/node-fetch/src/index.js:108:11)\n    at ClientRequest.emit (node:events:509:28)\n    at emitErrorEvent (node:_http_client:109:11)\n    at Socket.socketErrorListener (node:_http_client:593:5)\n    at Socket.emit (node:events:509:28)\n    at emitErrorNT (node:internal/streams/destroy:170:8)\n    at emitErrorCloseNT (node:internal/streams/destroy:129:3)\n    at process.processTicksAndRejections (node:internal/process/task_queues:90:21)"}}
{"timestamp":"2026-07-28T21:41:52.144Z","level":"ERROR","message":"request to http://localhost:8001/health failed, reason: ","meta":{"context":"Face Engine API request failed","retries":3,"circuitState":"closed","failureCount":0,"stack":"FetchError: request to http://localhost:8001/health failed, reason: \n    at ClientRequest.<anonymous> (file:///D:/smart-security-monitor2/node_modules/node-fetch/src/index.js:108:11)\n    at ClientRequest.emit (node:events:509:28)\n    at emitErrorEvent (node:_http_client:109:11)\n    at Socket.socketErrorListener (node:_http_client:593:5)\n    at Socket.emit (node:events:509:28)\n    at emitErrorNT (node:internal/streams/destroy:170:8)\n    at emitErrorCloseNT (node:internal/streams/destroy:129:3)\n    at process.processTicksAndRejections (node:internal/process/task_queues:90:21)"}}
{"timestamp":"2026-07-28T21:42:12.173Z","level":"ERROR","message":"request to http://localhost:8001/health failed, reason: ","meta":{"context":"Face Engine API request failed","retries":3,"circuitState":"closed","failureCount":0,"stack":"FetchError: request to http://localhost:8001/health failed, reason: \n    at ClientRequest.<anonymous> (file:///D:/smart-security-monitor2/node_modules/node-fetch/src/index.js:108:11)\n    at ClientRequest.emit (node:events:509:28)\n    at emitErrorEvent (node:_http_client:109:11)\n    at Socket.socketErrorListener (node:_http_client:593:5)\n    at Socket.emit (node:events:509:28)\n    at emitErrorNT (node:internal/streams/destroy:170:8)\n    at emitErrorCloseNT (node:internal/streams/destroy:129:3)\n    at process.processTicksAndRejections (node:internal/process/task_queues:90:21)"}}
{"timestamp":"2026-07-28T21:42:32.188Z","level":"ERROR","message":"request to http://localhost:8001/health failed, reason: ","meta":{"context":"Face Engine API request failed","retries":3,"circuitState":"closed","failureCount":0,"stack":"FetchError: request to http://localhost:8001/health failed, reason: \n    at ClientRequest.<anonymous> (file:///D:/smart-security-monitor2/node_modules/node-fetch/src/index.js:108:11)\n    at ClientRequest.emit (node:events:509:28)\n    at emitErrorEvent (node:_http_client:109:11)\n    at Socket.socketErrorListener (node:_http_client:593:5)\n    at Socket.emit (node:events:509:28)\n    at emitErrorNT (node:internal/streams/destroy:170:8)\n    at emitErrorCloseNT (node:internal/streams/destroy:129:3)\n    at process.processTicksAndRejections (node:internal/process/task_queues:90:21)"}}
{"timestamp":"2026-07-28T21:42:52.195Z","level":"ERROR","message":"request to http://localhost:8001/health failed, reason: ","meta":{"context":"Face Engine API request failed","retries":3,"circuitState":"closed","failureCount":0,"stack":"FetchError: request to http://localhost:8001/health failed, reason: \n    at ClientRequest.<anonymous> (file:///D:/smart-security-monitor2/node_modules/node-fetch/src/index.js:108:11)\n    at ClientRequest.emit (node:events:509:28)\n    at emitErrorEvent (node:_http_client:109:11)\n    at Socket.socketErrorListener (node:_http_client:593:5)\n    at Socket.emit (node:events:509:28)\n    at emitErrorNT (node:internal/streams/destroy:170:8)\n    at emitErrorCloseNT (node:internal/streams/destroy:129:3)\n    at process.processTicksAndRejections (node:internal/process/task_queues:90:21)"}}
{"timestamp":"2026-07-28T21:43:12.205Z","level":"ERROR","message":"request to http://localhost:8001/health failed, reason: ","meta":{"context":"Face Engine API request failed","retries":3,"circuitState":"closed","failureCount":0,"stack":"FetchError: request to http://localhost:8001/health failed, reason: \n    at ClientRequest.<anonymous> (file:///D:/smart-security-monitor2/node_modules/node-fetch/src/index.js:108:11)\n    at ClientRequest.emit (node:events:509:28)\n    at emitErrorEvent (node:_http_client:109:11)\n    at Socket.socketErrorListener (node:_http_client:593:5)\n    at Socket.emit (node:events:509:28)\n    at emitErrorNT (node:internal/streams/destroy:170:8)\n    at emitErrorCloseNT (node:internal/streams/destroy:129:3)\n    at process.processTicksAndRejections (node:internal/process/task_queues:90:21)"}}
{"timestamp":"2026-07-28T21:46:32.737Z","level":"ERROR","message":"request to http://localhost:8001/health failed, reason: ","meta":{"context":"Face Engine API request failed","retries":3,"circuitState":"closed","failureCount":0,"stack":"FetchError: request to http://localhost:8001/health failed, reason: \n    at ClientRequest.<anonymous> (file:///D:/smart-security-monitor2/node_modules/node-fetch/src/index.js:108:11)\n    at ClientRequest.emit (node:events:509:28)\n    at emitErrorEvent (node:_http_client:109:11)\n    at Socket.socketErrorListener (node:_http_client:593:5)\n    at Socket.emit (node:events:509:28)\n    at emitErrorNT (node:internal/streams/destroy:170:8)\n    at emitErrorCloseNT (node:internal/streams/destroy:129:3)\n    at process.processTicksAndRejections (node:internal/process/task_queues:90:21)"}}
{"timestamp":"2026-07-28T21:52:38.790Z","level":"ERROR","message":"\nInvalid `prisma.event.create()` invocation in\nD:\\smart-security-monitor2\\server.ts:3157:24\n\n  3154   confirmationId?: number;\n  3155 }) {\n  3156   try {\n→ 3157     await prisma.event.create(\nForeign key constraint violated: `foreign key`","meta":{"context":"persist recognition event","stack":"PrismaClientKnownRequestError: \nInvalid `prisma.event.create()` invocation in\nD:\\smart-security-monitor2\\server.ts:3157:24\n\n  3154   confirmationId?: number;\n  3155 }) {\n  3156   try {\n→ 3157     await prisma.event.create(\nForeign key constraint violated: `foreign key`\n    at $n.handleRequestError (D:\\smart-security-monitor2\\node_modules\\@prisma\\client\\runtime\\library.js:121:7315)\n    at $n.handleAndLogRequestError (D:\\smart-security-monitor2\\node_modules\\@prisma\\client\\runtime\\library.js:121:6623)\n    at $n.request (D:\\smart-security-monitor2\\node_modules\\@prisma\\client\\runtime\\library.js:121:6307)\n    at async l (D:\\smart-security-monitor2\\node_modules\\@prisma\\client\\runtime\\library.js:130:9633)\n    at async persistAndBroadcastEvent (D:\\smart-security-monitor2\\server.ts:3157:5)\n    at async handleUnknownEvent (D:\\smart-security-monitor2\\server.ts:3400:3)\n    at async processDetectedFaces (D:\\smart-security-monitor2\\server.ts:3482:9)\n    at async Timeout._onTimeout (D:\\smart-security-monitor2\\server.ts:3790:24)"}}
{"timestamp":"2026-07-28T21:52:55.121Z","level":"ERROR","message":"\nInvalid `prisma.recording.create()` invocation in\nD:\\smart-security-monitor2\\server.ts:3075:44\n\n  3072 const duration = Math.max(1, Math.round((end - startedAt) / 1000));\n  3073 const stat = fs.existsSync(outputPath) ? fs.statSync(outputPath) : null;\n  3074 const size_mb = stat ? Number((stat.size / 1024 / 1024).toFixed(1)) : 0;\n→ 3075 const rec = await prisma.recording.create(\nForeign key constraint violated: `foreign key`","meta":{"context":"finalize recording","stack":"PrismaClientKnownRequestError: \nInvalid `prisma.recording.create()` invocation in\nD:\\smart-security-monitor2\\server.ts:3075:44\n\n  3072 const duration = Math.max(1, Math.round((end - startedAt) / 1000));\n  3073 const stat = fs.existsSync(outputPath) ? fs.statSync(outputPath) : null;\n  3074 const size_mb = stat ? Number((stat.size / 1024 / 1024).toFixed(1)) : 0;\n→ 3075 const rec = await prisma.recording.create(\nForeign key constraint violated: `foreign key`\n    at $n.handleRequestError (D:\\smart-security-monitor2\\node_modules\\@prisma\\client\\runtime\\library.js:121:7315)\n    at $n.handleAndLogRequestError (D:\\smart-security-monitor2\\node_modules\\@prisma\\client\\runtime\\library.js:121:6623)\n    at $n.request (D:\\smart-security-monitor2\\node_modules\\@prisma\\client\\runtime\\library.js:121:6307)\n    at async l (D:\\smart-security-monitor2\\node_modules\\@prisma\\client\\runtime\\library.js:130:9633)\n    at async ChildProcess.<anonymous> (D:\\smart-security-monitor2\\server.ts:3075:21)"}}
{"timestamp":"2026-07-28T21:54:01.858Z","level":"ERROR","message":"\nInvalid `prisma.event.create()` invocation in\nD:\\smart-security-monitor2\\server.ts:3157:24\n\n  3154   confirmationId?: number;\n  3155 }) {\n  3156   try {\n→ 3157     await prisma.event.create(\nForeign key constraint violated: `foreign key`","meta":{"context":"persist recognition event","stack":"PrismaClientKnownRequestError: \nInvalid `prisma.event.create()` invocation in\nD:\\smart-security-monitor2\\server.ts:3157:24\n\n  3154   confirmationId?: number;\n  3155 }) {\n  3156   try {\n→ 3157     await prisma.event.create(\nForeign key constraint violated: `foreign key`\n    at $n.handleRequestError (D:\\smart-security-monitor2\\node_modules\\@prisma\\client\\runtime\\library.js:121:7315)\n    at $n.handleAndLogRequestError (D:\\smart-security-monitor2\\node_modules\\@prisma\\client\\runtime\\library.js:121:6623)\n    at $n.request (D:\\smart-security-monitor2\\node_modules\\@prisma\\client\\runtime\\library.js:121:6307)\n    at async l (D:\\smart-security-monitor2\\node_modules\\@prisma\\client\\runtime\\library.js:130:9633)\n    at async persistAndBroadcastEvent (D:\\smart-security-monitor2\\server.ts:3157:5)\n    at async handleUnknownEvent (D:\\smart-security-monitor2\\server.ts:3400:3)\n    at async processDetectedFaces (D:\\smart-security-monitor2\\server.ts:3482:9)\n    at async Timeout._onTimeout (D:\\smart-security-monitor2\\server.ts:3790:24)"}}
{"timestamp":"2026-07-28T21:54:18.433Z","level":"ERROR","message":"\nInvalid `prisma.recording.create()` invocation in\nD:\\smart-security-monitor2\\server.ts:3075:44\n\n  3072 const duration = Math.max(1, Math.round((end - startedAt) / 1000));\n  3073 const stat = fs.existsSync(outputPath) ? fs.statSync(outputPath) : null;\n  3074 const size_mb = stat ? Number((stat.size / 1024 / 1024).toFixed(1)) : 0;\n→ 3075 const rec = await prisma.recording.create(\nForeign key constraint violated: `foreign key`","meta":{"context":"finalize recording","stack":"PrismaClientKnownRequestError: \nInvalid `prisma.recording.create()` invocation in\nD:\\smart-security-monitor2\\server.ts:3075:44\n\n  3072 const duration = Math.max(1, Math.round((end - startedAt) / 1000));\n  3073 const stat = fs.existsSync(outputPath) ? fs.statSync(outputPath) : null;\n  3074 const size_mb = stat ? Number((stat.size / 1024 / 1024).toFixed(1)) : 0;\n→ 3075 const rec = await prisma.recording.create(\nForeign key constraint violated: `foreign key`\n    at $n.handleRequestError (D:\\smart-security-monitor2\\node_modules\\@prisma\\client\\runtime\\library.js:121:7315)\n    at $n.handleAndLogRequestError (D:\\smart-security-monitor2\\node_modules\\@prisma\\client\\runtime\\library.js:121:6623)\n    at $n.request (D:\\smart-security-monitor2\\node_modules\\@prisma\\client\\runtime\\library.js:121:6307)\n    at async l (D:\\smart-security-monitor2\\node_modules\\@prisma\\client\\runtime\\library.js:130:9633)\n    at async ChildProcess.<anonymous> (D:\\smart-security-monitor2\\server.ts:3075:21)"}}
{"timestamp":"2026-07-28T21:58:04.920Z","level":"ERROR","message":"\nInvalid `prisma.event.create()` invocation in\nD:\\smart-security-monitor2\\server.ts:3157:24\n\n  3154   confirmationId?: number;\n  3155 }) {\n  3156   try {\n→ 3157     await prisma.event.create(\nForeign key constraint violated: `foreign key`","meta":{"context":"persist recognition event","stack":"PrismaClientKnownRequestError: \nInvalid `prisma.event.create()` invocation in\nD:\\smart-security-monitor2\\server.ts:3157:24\n\n  3154   confirmationId?: number;\n  3155 }) {\n  3156   try {\n→ 3157     await prisma.event.create(\nForeign key constraint violated: `foreign key`\n    at $n.handleRequestError (D:\\smart-security-monitor2\\node_modules\\@prisma\\client\\runtime\\library.js:121:7315)\n    at $n.handleAndLogRequestError (D:\\smart-security-monitor2\\node_modules\\@prisma\\client\\runtime\\library.js:121:6623)\n    at $n.request (D:\\smart-security-monitor2\\node_modules\\@prisma\\client\\runtime\\library.js:121:6307)\n    at async l (D:\\smart-security-monitor2\\node_modules\\@prisma\\client\\runtime\\library.js:130:9633)\n    at async persistAndBroadcastEvent (D:\\smart-security-monitor2\\server.ts:3157:5)\n    at async handleUnknownEvent (D:\\smart-security-monitor2\\server.ts:3400:3)\n    at async processDetectedFaces (D:\\smart-security-monitor2\\server.ts:3482:9)\n    at async Timeout._onTimeout (D:\\smart-security-monitor2\\server.ts:3790:24)"}}
{"timestamp":"2026-07-28T21:58:38.417Z","level":"ERROR","message":"\nInvalid `prisma.recording.create()` invocation in\nD:\\smart-security-monitor2\\server.ts:3075:44\n\n  3072 const duration = Math.max(1, Math.round((end - startedAt) / 1000));\n  3073 const stat = fs.existsSync(outputPath) ? fs.statSync(outputPath) : null;\n  3074 const size_mb = stat ? Number((stat.size / 1024 / 1024).toFixed(1)) : 0;\n→ 3075 const rec = await prisma.recording.create(\nForeign key constraint violated: `foreign key`","meta":{"context":"finalize recording","stack":"PrismaClientKnownRequestError: \nInvalid `prisma.recording.create()` invocation in\nD:\\smart-security-monitor2\\server.ts:3075:44\n\n  3072 const duration = Math.max(1, Math.round((end - startedAt) / 1000));\n  3073 const stat = fs.existsSync(outputPath) ? fs.statSync(outputPath) : null;\n  3074 const size_mb = stat ? Number((stat.size / 1024 / 1024).toFixed(1)) : 0;\n→ 3075 const rec = await prisma.recording.create(\nForeign key constraint violated: `foreign key`\n    at $n.handleRequestError (D:\\smart-security-monitor2\\node_modules\\@prisma\\client\\runtime\\library.js:121:7315)\n    at $n.handleAndLogRequestError (D:\\smart-security-monitor2\\node_modules\\@prisma\\client\\runtime\\library.js:121:6623)\n    at $n.request (D:\\smart-security-monitor2\\node_modules\\@prisma\\client\\runtime\\library.js:121:6307)\n    at async l (D:\\smart-security-monitor2\\node_modules\\@prisma\\client\\runtime\\library.js:130:9633)\n    at async ChildProcess.<anonymous> (D:\\smart-security-monitor2\\server.ts:3075:21)"}}
{"timestamp":"2026-07-28T21:59:36.069Z","level":"ERROR","message":"\nInvalid `prisma.event.create()` invocation in\nD:\\smart-security-monitor2\\server.ts:3157:24\n\n  3154   confirmationId?: number;\n  3155 }) {\n  3156   try {\n→ 3157     await prisma.event.create(\nForeign key constraint violated: `foreign key`","meta":{"context":"persist recognition event","stack":"PrismaClientKnownRequestError: \nInvalid `prisma.event.create()` invocation in\nD:\\smart-security-monitor2\\server.ts:3157:24\n\n  3154   confirmationId?: number;\n  3155 }) {\n  3156   try {\n→ 3157     await prisma.event.create(\nForeign key constraint violated: `foreign key`\n    at $n.handleRequestError (D:\\smart-security-monitor2\\node_modules\\@prisma\\client\\runtime\\library.js:121:7315)\n    at $n.handleAndLogRequestError (D:\\smart-security-monitor2\\node_modules\\@prisma\\client\\runtime\\library.js:121:6623)\n    at $n.request (D:\\smart-security-monitor2\\node_modules\\@prisma\\client\\runtime\\library.js:121:6307)\n    at async l (D:\\smart-security-monitor2\\node_modules\\@prisma\\client\\runtime\\library.js:130:9633)\n    at async persistAndBroadcastEvent (D:\\smart-security-monitor2\\server.ts:3157:5)\n    at async handleUnknownEvent (D:\\smart-security-monitor2\\server.ts:3400:3)\n    at async processDetectedFaces (D:\\smart-security-monitor2\\server.ts:3482:9)\n    at async Timeout._onTimeout (D:\\smart-security-monitor2\\server.ts:3790:24)"}}
{"timestamp":"2026-07-28T21:59:56.047Z","level":"ERROR","message":"\nInvalid `prisma.recording.create()` invocation in\nD:\\smart-security-monitor2\\server.ts:3075:44\n\n  3072 const duration = Math.max(1, Math.round((end - startedAt) / 1000));\n  3073 const stat = fs.existsSync(outputPath) ? fs.statSync(outputPath) : null;\n  3074 const size_mb = stat ? Number((stat.size / 1024 / 1024).toFixed(1)) : 0;\n→ 3075 const rec = await prisma.recording.create(\nForeign key constraint violated: `foreign key`","meta":{"context":"finalize recording","stack":"PrismaClientKnownRequestError: \nInvalid `prisma.recording.create()` invocation in\nD:\\smart-security-monitor2\\server.ts:3075:44\n\n  3072 const duration = Math.max(1, Math.round((end - startedAt) / 1000));\n  3073 const stat = fs.existsSync(outputPath) ? fs.statSync(outputPath) : null;\n  3074 const size_mb = stat ? Number((stat.size / 1024 / 1024).toFixed(1)) : 0;\n→ 3075 const rec = await prisma.recording.create(\nForeign key constraint violated: `foreign key`\n    at $n.handleRequestError (D:\\smart-security-monitor2\\node_modules\\@prisma\\client\\runtime\\library.js:121:7315)\n    at $n.handleAndLogRequestError (D:\\smart-security-monitor2\\node_modules\\@prisma\\client\\runtime\\library.js:121:6623)\n    at $n.request (D:\\smart-security-monitor2\\node_modules\\@prisma\\client\\runtime\\library.js:121:6307)\n    at async l (D:\\smart-security-monitor2\\node_modules\\@prisma\\client\\runtime\\library.js:130:9633)\n    at async ChildProcess.<anonymous> (D:\\smart-security-monitor2\\server.ts:3075:21)"}}
{"timestamp":"2026-07-28T22:17:17.062Z","level":"ERROR","message":"\nInvalid `prisma.event.create()` invocation in\nD:\\smart-security-monitor2\\server.ts:3157:24\n\n  3154   confirmationId?: number;\n  3155 }) {\n  3156   try {\n→ 3157     await prisma.event.create(\nForeign key constraint violated: `foreign key`","meta":{"context":"persist recognition event","stack":"PrismaClientKnownRequestError: \nInvalid `prisma.event.create()` invocation in\nD:\\smart-security-monitor2\\server.ts:3157:24\n\n  3154   confirmationId?: number;\n  3155 }) {\n  3156   try {\n→ 3157     await prisma.event.create(\nForeign key constraint violated: `foreign key`\n    at $n.handleRequestError (D:\\smart-security-monitor2\\node_modules\\@prisma\\client\\runtime\\library.js:121:7315)\n    at $n.handleAndLogRequestError (D:\\smart-security-monitor2\\node_modules\\@prisma\\client\\runtime\\library.js:121:6623)\n    at $n.request (D:\\smart-security-monitor2\\node_modules\\@prisma\\client\\runtime\\library.js:121:6307)\n    at async l (D:\\smart-security-monitor2\\node_modules\\@prisma\\client\\runtime\\library.js:130:9633)\n    at async persistAndBroadcastEvent (D:\\smart-security-monitor2\\server.ts:3157:5)\n    at async handleUnknownEvent (D:\\smart-security-monitor2\\server.ts:3400:3)\n    at async processDetectedFaces (D:\\smart-security-monitor2\\server.ts:3482:9)\n    at async Timeout._onTimeout (D:\\smart-security-monitor2\\server.ts:3790:24)"}}
{"timestamp":"2026-07-28T22:17:32.774Z","level":"ERROR","message":"\nInvalid `prisma.recording.create()` invocation in\nD:\\smart-security-monitor2\\server.ts:3075:44\n\n  3072 const duration = Math.max(1, Math.round((end - startedAt) / 1000));\n  3073 const stat = fs.existsSync(outputPath) ? fs.statSync(outputPath) : null;\n  3074 const size_mb = stat ? Number((stat.size / 1024 / 1024).toFixed(1)) : 0;\n→ 3075 const rec = await prisma.recording.create(\nForeign key constraint violated: `foreign key`","meta":{"context":"finalize recording","stack":"PrismaClientKnownRequestError: \nInvalid `prisma.recording.create()` invocation in\nD:\\smart-security-monitor2\\server.ts:3075:44\n\n  3072 const duration = Math.max(1, Math.round((end - startedAt) / 1000));\n  3073 const stat = fs.existsSync(outputPath) ? fs.statSync(outputPath) : null;\n  3074 const size_mb = stat ? Number((stat.size / 1024 / 1024).toFixed(1)) : 0;\n→ 3075 const rec = await prisma.recording.create(\nForeign key constraint violated: `foreign key`\n    at $n.handleRequestError (D:\\smart-security-monitor2\\node_modules\\@prisma\\client\\runtime\\library.js:121:7315)\n    at $n.handleAndLogRequestError (D:\\smart-security-monitor2\\node_modules\\@prisma\\client\\runtime\\library.js:121:6623)\n    at $n.request (D:\\smart-security-monitor2\\node_modules\\@prisma\\client\\runtime\\library.js:121:6307)\n    at async l (D:\\smart-security-monitor2\\node_modules\\@prisma\\client\\runtime\\library.js:130:9633)\n    at async ChildProcess.<anonymous> (D:\\smart-security-monitor2\\server.ts:3075:21)"}}
